app/actions.ts(36,34): error TS2339: Property 'errors' does not exist on type 'ZodError<{ url: string; alias?: string | undefined; }>'.
middleware.ts(26,25): error TS2339: Property 'geo' does not exist on type 'NextRequest'.
middleware.ts(27,22): error TS2339: Property 'geo' does not exist on type 'NextRequest'.
